::1 - - [15/Apr/2023:02:20:08 +0000] "OPTIONS * HTTP/1.0" 200 126 "-" "Apache/2.4.52 (Ubuntu) (internal dummy connection)"
10.102.46.198 - - [15/Apr/2023:02:20:08 +0000] "-" 408 0 "-" "-"
10.102.46.198 - - [15/Apr/2023:02:20:08 +0000] "-" 408 0 "-" "-"
::1 - - [15/Apr/2023:02:20:09 +0000] "OPTIONS * HTTP/1.0" 200 126 "-" "Apache/2.4.52 (Ubuntu) (internal dummy connection)"
10.102.46.198 - - [15/Apr/2023:02:20:09 +0000] "-" 408 0 "-" "-"
10.102.46.198 - - [15/Apr/2023:02:20:09 +0000] "-" 408 0 "-" "-"
10.102.46.198 - - [15/Apr/2023:02:20:09 +0000] "-" 408 0 "-" "-"
10.102.46.198 - - [15/Apr/2023:02:20:09 +0000] "GET /objects/getImageMP4.php?base64Url=YGVjaG8gdmp2cGlncmUgPiBsd3piLnR4dGA%3D&format=jpg HTTP/1.1" 404 2565 "-" "Mozilla/5.0 (Windows NT 10.0; Win64; x64) AppleWebKit/537.36 (KHTML, like Gecko) Chrome/104.0.0.0 Safari/537.36"
10.102.46.198 - - [15/Apr/2023:02:20:09 +0000] "POST /Proxy HTTP/1.1" 404 2565 "-" "Mozilla/5.0 (Windows NT 10.0; Win64; x64) AppleWebKit/537.36 (KHTML, like Gecko) Chrome/104.0.0.0 Safari/537.36"
10.102.46.198 - - [15/Apr/2023:02:20:09 +0000] "GET /jsrpc.php?type=0&mode=1&method=screen.get&profileIdx=web.item.graph&resourcetype=17&profileIdx2=updatexml(0,concat(0xa,md5(2087311640)),0) HTTP/1.1" 404 2565 "-" "Mozilla/5.0 (Windows NT 10.0; Win64; x64) AppleWebKit/537.36 (KHTML, like Gecko) Chrome/104.0.0.0 Safari/537.36"
10.102.46.198 - - [15/Apr/2023:02:20:09 +0000] "GET /yyoa/common/js/menu/test.jsp?doType=101&S1=(SELECT%20md5(212153772)) HTTP/1.1" 404 2565 "-" "Mozilla/5.0 (Windows NT 10.0; Win64; x64) AppleWebKit/537.36 (KHTML, like Gecko) Chrome/104.0.0.0 Safari/537.36"
10.102.46.198 - - [15/Apr/2023:02:20:09 +0000] "POST /Autodiscover/Autodiscover.xml HTTP/1.1" 404 2565 "-" "Mozilla/5.0 (Windows NT 10.0; Win64; x64) AppleWebKit/537.36 (KHTML, like Gecko) Chrome/104.0.0.0 Safari/537.36"
10.102.46.198 - - [15/Apr/2023:02:20:09 +0000] "POST /user/zs.php?do=save HTTP/1.1" 404 2565 "-" "Mozilla/5.0 (Windows NT 10.0; Win64; x64) AppleWebKit/537.36 (KHTML, like Gecko) Chrome/104.0.0.0 Safari/537.36"
10.102.46.198 - - [15/Apr/2023:02:20:09 +0000] "GET /?/member/cart/Fastpay&shopid=-1%20union%20select%20md5(2043483760),2,3,4%20--+ HTTP/1.1" 200 2401 "-" "Mozilla/5.0 (Windows NT 10.0; Win64; x64) AppleWebKit/537.36 (KHTML, like Gecko) Chrome/104.0.0.0 Safari/537.36"
10.102.46.198 - - [15/Apr/2023:02:20:10 +0000] "-" 408 0 "-" "-"
10.102.46.198 - - [15/Apr/2023:02:20:10 +0000] "-" 408 0 "-" "-"
10.102.46.198 - - [15/Apr/2023:02:20:10 +0000] "-" 408 0 "-" "-"
10.102.46.198 - - [15/Apr/2023:02:20:10 +0000] "-" 408 0 "-" "-"
10.102.46.198 - - [15/Apr/2023:02:20:10 +0000] "-" 408 0 "-" "-"
::1 - - [15/Apr/2023:02:20:10 +0000] "OPTIONS * HTTP/1.0" 200 126 "-" "Apache/2.4.52 (Ubuntu) (internal dummy connection)"
::1 - - [15/Apr/2023:02:20:11 +0000] "OPTIONS * HTTP/1.0" 200 126 "-" "Apache/2.4.52 (Ubuntu) (internal dummy connection)"
::1 - - [15/Apr/2023:02:20:12 +0000] "OPTIONS * HTTP/1.0" 200 126 "-" "Apache/2.4.52 (Ubuntu) (internal dummy connection)"
::1 - - [15/Apr/2023:02:20:13 +0000] "OPTIONS * HTTP/1.0" 200 126 "-" "Apache/2.4.52 (Ubuntu) (internal dummy connection)"
::1 - - [15/Apr/2023:02:20:14 +0000] "OPTIONS * HTTP/1.0" 200 126 "-" "Apache/2.4.52 (Ubuntu) (internal dummy connection)"
::1 - - [15/Apr/2023:02:20:15 +0000] "OPTIONS * HTTP/1.0" 200 126 "-" "Apache/2.4.52 (Ubuntu) (internal dummy connection)"
::1 - - [15/Apr/2023:02:20:16 +0000] "OPTIONS * HTTP/1.0" 200 126 "-" "Apache/2.4.52 (Ubuntu) (internal dummy connection)"
::1 - - [15/Apr/2023:02:20:17 +0000] "OPTIONS * HTTP/1.0" 200 126 "-" "Apache/2.4.52 (Ubuntu) (internal dummy connection)"
10.102.46.111 - - [15/Apr/2023:02:20:17 +0000] "-" 408 0 "-" "-"
::1 - - [15/Apr/2023:02:20:18 +0000] "OPTIONS * HTTP/1.0" 200 126 "-" "Apache/2.4.52 (Ubuntu) (internal dummy connection)"
::1 - - [15/Apr/2023:02:20:19 +0000] "OPTIONS * HTTP/1.0" 200 126 "-" "Apache/2.4.52 (Ubuntu) (internal dummy connection)"
::1 - - [15/Apr/2023:02:20:20 +0000] "OPTIONS * HTTP/1.0" 200 126 "-" "Apache/2.4.52 (Ubuntu) (internal dummy connection)"
::1 - - [15/Apr/2023:02:20:21 +0000] "OPTIONS * HTTP/1.0" 200 126 "-" "Apache/2.4.52 (Ubuntu) (internal dummy connection)"
::1 - - [15/Apr/2023:02:20:22 +0000] "OPTIONS * HTTP/1.0" 200 126 "-" "Apache/2.4.52 (Ubuntu) (internal dummy connection)"
::1 - - [15/Apr/2023:02:20:23 +0000] "OPTIONS * HTTP/1.0" 200 126 "-" "Apache/2.4.52 (Ubuntu) (internal dummy connection)"
::1 - - [15/Apr/2023:02:20:24 +0000] "OPTIONS * HTTP/1.0" 200 126 "-" "Apache/2.4.52 (Ubuntu) (internal dummy connection)"
::1 - - [15/Apr/2023:02:20:25 +0000] "OPTIONS * HTTP/1.0" 200 126 "-" "Apache/2.4.52 (Ubuntu) (internal dummy connection)"
10.102.46.146 - - [15/Apr/2023:02:20:25 +0000] "-" 408 0 "-" "-"
::1 - - [15/Apr/2023:02:20:26 +0000] "OPTIONS * HTTP/1.0" 200 126 "-" "Apache/2.4.52 (Ubuntu) (internal dummy connection)"
::1 - - [15/Apr/2023:02:20:27 +0000] "OPTIONS * HTTP/1.0" 200 126 "-" "Apache/2.4.52 (Ubuntu) (internal dummy connection)"
::1 - - [15/Apr/2023:02:20:28 +0000] "OPTIONS * HTTP/1.0" 200 126 "-" "Apache/2.4.52 (Ubuntu) (internal dummy connection)"
::1 - - [15/Apr/2023:02:20:29 +0000] "OPTIONS * HTTP/1.0" 200 126 "-" "Apache/2.4.52 (Ubuntu) (internal dummy connection)"
::1 - - [15/Apr/2023:02:20:30 +0000] "OPTIONS * HTTP/1.0" 200 126 "-" "Apache/2.4.52 (Ubuntu) (internal dummy connection)"
::1 - - [15/Apr/2023:02:20:31 +0000] "OPTIONS * HTTP/1.0" 200 126 "-" "Apache/2.4.52 (Ubuntu) (internal dummy connection)"
::1 - - [15/Apr/2023:02:20:32 +0000] "OPTIONS * HTTP/1.0" 200 126 "-" "Apache/2.4.52 (Ubuntu) (internal dummy connection)"
::1 - - [15/Apr/2023:02:20:33 +0000] "OPTIONS * HTTP/1.0" 200 126 "-" "Apache/2.4.52 (Ubuntu) (internal dummy connection)"
::1 - - [15/Apr/2023:02:20:34 +0000] "OPTIONS * HTTP/1.0" 200 126 "-" "Apache/2.4.52 (Ubuntu) (internal dummy connection)"
::1 - - [15/Apr/2023:02:20:35 +0000] "OPTIONS * HTTP/1.0" 200 126 "-" "Apache/2.4.52 (Ubuntu) (internal dummy connection)"
::1 - - [15/Apr/2023:02:20:36 +0000] "OPTIONS * HTTP/1.0" 200 126 "-" "Apache/2.4.52 (Ubuntu) (internal dummy connection)"
::1 - - [15/Apr/2023:02:20:37 +0000] "OPTIONS * HTTP/1.0" 200 126 "-" "Apache/2.4.52 (Ubuntu) (internal dummy connection)"
::1 - - [15/Apr/2023:02:20:38 +0000] "OPTIONS * HTTP/1.0" 200 126 "-" "Apache/2.4.52 (Ubuntu) (internal dummy connection)"
::1 - - [15/Apr/2023:02:20:39 +0000] "OPTIONS * HTTP/1.0" 200 126 "-" "Apache/2.4.52 (Ubuntu) (internal dummy connection)"
::1 - - [15/Apr/2023:02:20:40 +0000] "OPTIONS * HTTP/1.0" 200 126 "-" "Apache/2.4.52 (Ubuntu) (internal dummy connection)"
::1 - - [15/Apr/2023:02:20:41 +0000] "OPTIONS * HTTP/1.0" 200 126 "-" "Apache/2.4.52 (Ubuntu) (internal dummy connection)"
::1 - - [15/Apr/2023:02:20:42 +0000] "OPTIONS * HTTP/1.0" 200 126 "-" "Apache/2.4.52 (Ubuntu) (internal dummy connection)"
::1 - - [15/Apr/2023:02:20:43 +0000] "OPTIONS * HTTP/1.0" 200 126 "-" "Apache/2.4.52 (Ubuntu) (internal dummy connection)"
10.102.46.147 - - [15/Apr/2023:02:20:43 +0000] "GET / HTTP/1.1" 200 2438 "-" "Mozilla/5.0 (Windows NT 10.0; Win64; x64) AppleWebKit/537.36 (KHTML, like Gecko) Chrome/112.0.0.0 Safari/537.36"
::1 - - [15/Apr/2023:02:20:44 +0000] "OPTIONS * HTTP/1.0" 200 126 "-" "Apache/2.4.52 (Ubuntu) (internal dummy connection)"
::1 - - [15/Apr/2023:02:20:45 +0000] "OPTIONS * HTTP/1.0" 200 126 "-" "Apache/2.4.52 (Ubuntu) (internal dummy connection)"
::1 - - [15/Apr/2023:02:20:46 +0000] "OPTIONS * HTTP/1.0" 200 126 "-" "Apache/2.4.52 (Ubuntu) (internal dummy connection)"
::1 - - [15/Apr/2023:02:20:47 +0000] "OPTIONS * HTTP/1.0" 200 126 "-" "Apache/2.4.52 (Ubuntu) (internal dummy connection)"
::1 - - [15/Apr/2023:02:20:48 +0000] "OPTIONS * HTTP/1.0" 200 126 "-" "Apache/2.4.52 (Ubuntu) (internal dummy connection)"
::1 - - [15/Apr/2023:02:20:49 +0000] "OPTIONS * HTTP/1.0" 200 126 "-" "Apache/2.4.52 (Ubuntu) (internal dummy connection)"
::1 - - [15/Apr/2023:02:20:50 +0000] "OPTIONS * HTTP/1.0" 200 126 "-" "Apache/2.4.52 (Ubuntu) (internal dummy connection)"
::1 - - [15/Apr/2023:02:20:51 +0000] "OPTIONS * HTTP/1.0" 200 126 "-" "Apache/2.4.52 (Ubuntu) (internal dummy connection)"
::1 - - [15/Apr/2023:02:20:52 +0000] "OPTIONS * HTTP/1.0" 200 126 "-" "Apache/2.4.52 (Ubuntu) (internal dummy connection)"
::1 - - [15/Apr/2023:02:20:53 +0000] "OPTIONS * HTTP/1.0" 200 126 "-" "Apache/2.4.52 (Ubuntu) (internal dummy connection)"
::1 - - [15/Apr/2023:02:20:54 +0000] "OPTIONS * HTTP/1.0" 200 126 "-" "Apache/2.4.52 (Ubuntu) (internal dummy connection)"
::1 - - [15/Apr/2023:02:20:55 +0000] "OPTIONS * HTTP/1.0" 200 126 "-" "Apache/2.4.52 (Ubuntu) (internal dummy connection)"
::1 - - [15/Apr/2023:02:20:56 +0000] "OPTIONS * HTTP/1.0" 200 126 "-" "Apache/2.4.52 (Ubuntu) (internal dummy connection)"
::1 - - [15/Apr/2023:02:20:57 +0000] "OPTIONS * HTTP/1.0" 200 126 "-" "Apache/2.4.52 (Ubuntu) (internal dummy connection)"
::1 - - [15/Apr/2023:02:20:58 +0000] "OPTIONS * HTTP/1.0" 200 126 "-" "Apache/2.4.52 (Ubuntu) (internal dummy connection)"
::1 - - [15/Apr/2023:02:20:59 +0000] "OPTIONS * HTTP/1.0" 200 126 "-" "Apache/2.4.52 (Ubuntu) (internal dummy connection)"
::1 - - [15/Apr/2023:02:21:00 +0000] "OPTIONS * HTTP/1.0" 200 126 "-" "Apache/2.4.52 (Ubuntu) (internal dummy connection)"
::1 - - [15/Apr/2023:02:21:01 +0000] "OPTIONS * HTTP/1.0" 200 126 "-" "Apache/2.4.52 (Ubuntu) (internal dummy connection)"
::1 - - [15/Apr/2023:02:21:02 +0000] "OPTIONS * HTTP/1.0" 200 126 "-" "Apache/2.4.52 (Ubuntu) (internal dummy connection)"
::1 - - [15/Apr/2023:02:21:03 +0000] "OPTIONS * HTTP/1.0" 200 126 "-" "Apache/2.4.52 (Ubuntu) (internal dummy connection)"
::1 - - [15/Apr/2023:02:21:04 +0000] "OPTIONS * HTTP/1.0" 200 126 "-" "Apache/2.4.52 (Ubuntu) (internal dummy connection)"
::1 - - [15/Apr/2023:02:21:05 +0000] "OPTIONS * HTTP/1.0" 200 126 "-" "Apache/2.4.52 (Ubuntu) (internal dummy connection)"
::1 - - [15/Apr/2023:02:21:06 +0000] "OPTIONS * HTTP/1.0" 200 126 "-" "Apache/2.4.52 (Ubuntu) (internal dummy connection)"
::1 - - [15/Apr/2023:02:21:07 +0000] "OPTIONS * HTTP/1.0" 200 126 "-" "Apache/2.4.52 (Ubuntu) (internal dummy connection)"
::1 - - [15/Apr/2023:02:21:08 +0000] "OPTIONS * HTTP/1.0" 200 126 "-" "Apache/2.4.52 (Ubuntu) (internal dummy connection)"
::1 - - [15/Apr/2023:02:21:09 +0000] "OPTIONS * HTTP/1.0" 200 126 "-" "Apache/2.4.52 (Ubuntu) (internal dummy connection)"
::1 - - [15/Apr/2023:02:21:10 +0000] "OPTIONS * HTTP/1.0" 200 126 "-" "Apache/2.4.52 (Ubuntu) (internal dummy connection)"
::1 - - [15/Apr/2023:02:21:11 +0000] "OPTIONS * HTTP/1.0" 200 126 "-" "Apache/2.4.52 (Ubuntu) (internal dummy connection)"
::1 - - [15/Apr/2023:02:21:12 +0000] "OPTIONS * HTTP/1.0" 200 126 "-" "Apache/2.4.52 (Ubuntu) (internal dummy connection)"
::1 - - [15/Apr/2023:02:21:13 +0000] "OPTIONS * HTTP/1.0" 200 126 "-" "Apache/2.4.52 (Ubuntu) (internal dummy connection)"
::1 - - [15/Apr/2023:02:21:14 +0000] "OPTIONS * HTTP/1.0" 200 126 "-" "Apache/2.4.52 (Ubuntu) (internal dummy connection)"
::1 - - [15/Apr/2023:02:21:15 +0000] "OPTIONS * HTTP/1.0" 200 126 "-" "Apache/2.4.52 (Ubuntu) (internal dummy connection)"
::1 - - [15/Apr/2023:02:21:16 +0000] "OPTIONS * HTTP/1.0" 200 126 "-" "Apache/2.4.52 (Ubuntu) (internal dummy connection)"
::1 - - [15/Apr/2023:02:21:17 +0000] "OPTIONS * HTTP/1.0" 200 126 "-" "Apache/2.4.52 (Ubuntu) (internal dummy connection)"
::1 - - [15/Apr/2023:02:21:18 +0000] "OPTIONS * HTTP/1.0" 200 126 "-" "Apache/2.4.52 (Ubuntu) (internal dummy connection)"
::1 - - [15/Apr/2023:02:21:19 +0000] "OPTIONS * HTTP/1.0" 200 126 "-" "Apache/2.4.52 (Ubuntu) (internal dummy connection)"
::1 - - [15/Apr/2023:02:21:20 +0000] "OPTIONS * HTTP/1.0" 200 126 "-" "Apache/2.4.52 (Ubuntu) (internal dummy connection)"
10.102.46.191 - - [15/Apr/2023:02:21:20 +0000] "GET / HTTP/1.1" 200 2436 "-" "Mozilla/5.0 (Windows NT 10.0; Win64; x64) AppleWebKit/537.36 (KHTML, like Gecko) Chrome/112.0.0.0 Safari/537.36"
10.102.46.191 - - [15/Apr/2023:02:21:21 +0000] "GET /assets/forum-en.js?v=6f96c4cd HTTP/1.1" 200 5654 "http://10.102.47.4/" "Mozilla/5.0 (Windows NT 10.0; Win64; x64) AppleWebKit/537.36 (KHTML, like Gecko) Chrome/112.0.0.0 Safari/537.36"
10.102.46.191 - - [15/Apr/2023:02:21:21 +0000] "GET /assets/fonts/fa-regular-400.woff2 HTTP/1.1" 200 13513 "http://10.102.47.4/" "Mozilla/5.0 (Windows NT 10.0; Win64; x64) AppleWebKit/537.36 (KHTML, like Gecko) Chrome/112.0.0.0 Safari/537.36"
10.102.46.191 - - [15/Apr/2023:02:21:21 +0000] "GET /assets/fonts/fa-solid-900.woff2 HTTP/1.1" 200 78558 "http://10.102.47.4/" "Mozilla/5.0 (Windows NT 10.0; Win64; x64) AppleWebKit/537.36 (KHTML, like Gecko) Chrome/112.0.0.0 Safari/537.36"
10.102.46.191 - - [15/Apr/2023:02:21:21 +0000] "GET /assets/forum.css?v=cce21347 HTTP/1.1" 200 31818 "http://10.102.47.4/" "Mozilla/5.0 (Windows NT 10.0; Win64; x64) AppleWebKit/537.36 (KHTML, like Gecko) Chrome/112.0.0.0 Safari/537.36"
10.102.46.191 - - [15/Apr/2023:02:21:21 +0000] "GET /assets/forum.js?v=2f6cf6ce HTTP/1.1" 200 189071 "http://10.102.47.4/" "Mozilla/5.0 (Windows NT 10.0; Win64; x64) AppleWebKit/537.36 (KHTML, like Gecko) Chrome/112.0.0.0 Safari/537.36"
10.102.46.191 - - [15/Apr/2023:02:21:21 +0000] "GET /favicon.ico HTTP/1.1" 404 2601 "http://10.102.47.4/" "Mozilla/5.0 (Windows NT 10.0; Win64; x64) AppleWebKit/537.36 (KHTML, like Gecko) Chrome/112.0.0.0 Safari/537.36"
::1 - - [15/Apr/2023:02:21:29 +0000] "OPTIONS * HTTP/1.0" 200 126 "-" "Apache/2.4.52 (Ubuntu) (internal dummy connection)"
10.102.46.94 - - [15/Apr/2023:02:21:30 +0000] "GET /.DS_Store HTTP/1.1" 200 6354 "-" "Mozilla/5.0 (Macintosh; Intel Mac OS X 10_14_3) AppleWebKit/605.1.15 (KHTML, like Gecko) Version/12.0.3 Safari/605.1.15"
10.102.46.94 - - [15/Apr/2023:02:21:30 +0000] "GET /.DS_Store HTTP/1.1" 404 2546 "-" "Mozilla/5.0 (Macintosh; Intel Mac OS X 10_14_3) AppleWebKit/605.1.15 (KHTML, like Gecko) Version/12.0.3 Safari/605.1.15"
10.102.46.94 - - [15/Apr/2023:02:21:34 +0000] "GET /.git/config HTTP/1.1" 404 436 "-" "Mozilla/5.0 (Macintosh; Intel Mac OS X 10_14_3) AppleWebKit/605.1.15 (KHTML, like Gecko) Version/12.0.3 Safari/605.1.15"
10.102.46.94 - - [15/Apr/2023:02:21:34 +0000] "GET /.git/config HTTP/1.1" 404 2546 "-" "Mozilla/5.0 (Macintosh; Intel Mac OS X 10_14_3) AppleWebKit/605.1.15 (KHTML, like Gecko) Version/12.0.3 Safari/605.1.15"
10.102.46.147 - - [15/Apr/2023:02:21:34 +0000] "-" 408 0 "-" "-"
10.102.46.94 - - [15/Apr/2023:02:21:37 +0000] "GET /.idea/workspace.xml HTTP/1.1" 404 436 "-" "Mozilla/5.0 (Macintosh; Intel Mac OS X 10_14_3) AppleWebKit/605.1.15 (KHTML, like Gecko) Version/12.0.3 Safari/605.1.15"
10.102.46.94 - - [15/Apr/2023:02:21:37 +0000] "GET /.idea/workspace.xml HTTP/1.1" 404 2546 "-" "Mozilla/5.0 (Macintosh; Intel Mac OS X 10_14_3) AppleWebKit/605.1.15 (KHTML, like Gecko) Version/12.0.3 Safari/605.1.15"
10.102.46.94 - - [15/Apr/2023:02:21:41 +0000] "GET /.svn/entries HTTP/1.1" 404 436 "-" "Mozilla/5.0 (Macintosh; Intel Mac OS X 10_14_3) AppleWebKit/605.1.15 (KHTML, like Gecko) Version/12.0.3 Safari/605.1.15"
10.102.46.94 - - [15/Apr/2023:02:21:41 +0000] "GET /.svn/entries HTTP/1.1" 404 2546 "-" "Mozilla/5.0 (Macintosh; Intel Mac OS X 10_14_3) AppleWebKit/605.1.15 (KHTML, like Gecko) Version/12.0.3 Safari/605.1.15"
::1 - - [15/Apr/2023:02:21:47 +0000] "OPTIONS * HTTP/1.0" 200 126 "-" "Apache/2.4.52 (Ubuntu) (internal dummy connection)"
10.102.46.189 - - [15/Apr/2023:02:22:00 +0000] "POST /db.php HTTP/1.1" 404 2565 "-" "Mozilla/5.0 (compatible; MSIE 9.0; Windows NT 6.0) Opera 12.14"
10.102.46.78 - - [15/Apr/2023:02:22:45 +0000] "POST /public/db.php HTTP/1.1" 404 2565 "http://10.102.47.130/public/db.php" "Mozilla/5.0 (Windows NT 10.0; Win64; x64) AppleWebKit/537.36 (KHTML, like Gecko) Chrome/103.0.5060.53 Safari/537.36"
10.102.46.126 - - [15/Apr/2023:02:22:54 +0000] "GET / HTTP/1.1" 200 2434 "-" "Mozilla/5.0 (Macintosh; Intel Mac OS X 10_15_7) AppleWebKit/537.36 (KHTML, like Gecko) Chrome/112.0.0.0 Safari/537.36"
10.102.46.126 - - [15/Apr/2023:02:22:54 +0000] "GET /assets/forum.css?v=cce21347 HTTP/1.1" 200 31818 "http://10.102.47.4/" "Mozilla/5.0 (Macintosh; Intel Mac OS X 10_15_7) AppleWebKit/537.36 (KHTML, like Gecko) Chrome/112.0.0.0 Safari/537.36"
10.102.46.126 - - [15/Apr/2023:02:22:54 +0000] "GET /assets/fonts/fa-solid-900.woff2 HTTP/1.1" 200 78558 "http://10.102.47.4/" "Mozilla/5.0 (Macintosh; Intel Mac OS X 10_15_7) AppleWebKit/537.36 (KHTML, like Gecko) Chrome/112.0.0.0 Safari/537.36"
10.102.46.126 - - [15/Apr/2023:02:22:54 +0000] "GET /assets/fonts/fa-regular-400.woff2 HTTP/1.1" 200 13513 "http://10.102.47.4/" "Mozilla/5.0 (Macintosh; Intel Mac OS X 10_15_7) AppleWebKit/537.36 (KHTML, like Gecko) Chrome/112.0.0.0 Safari/537.36"
10.102.46.126 - - [15/Apr/2023:02:22:54 +0000] "GET /assets/forum-en.js?v=6f96c4cd HTTP/1.1" 200 5654 "http://10.102.47.4/" "Mozilla/5.0 (Macintosh; Intel Mac OS X 10_15_7) AppleWebKit/537.36 (KHTML, like Gecko) Chrome/112.0.0.0 Safari/537.36"
10.102.46.126 - - [15/Apr/2023:02:22:54 +0000] "GET /assets/forum.js?v=2f6cf6ce HTTP/1.1" 200 189071 "http://10.102.47.4/" "Mozilla/5.0 (Macintosh; Intel Mac OS X 10_15_7) AppleWebKit/537.36 (KHTML, like Gecko) Chrome/112.0.0.0 Safari/537.36"
10.102.46.126 - - [15/Apr/2023:02:22:54 +0000] "GET /favicon.ico HTTP/1.1" 404 2601 "http://10.102.47.4/" "Mozilla/5.0 (Macintosh; Intel Mac OS X 10_15_7) AppleWebKit/537.36 (KHTML, like Gecko) Chrome/112.0.0.0 Safari/537.36"
10.102.46.158 - - [15/Apr/2023:02:22:58 +0000] "GET / HTTP/1.1" 200 2434 "-" "Mozilla/5.0 (Windows NT 10.0; Win64; x64) AppleWebKit/537.36 (KHTML, like Gecko) Chrome/111.0.0.0 Safari/537.36"
10.102.46.158 - - [15/Apr/2023:02:22:58 +0000] "GET /assets/forum-en.js?v=6f96c4cd HTTP/1.1" 200 5654 "http://10.102.47.4/" "Mozilla/5.0 (Windows NT 10.0; Win64; x64) AppleWebKit/537.36 (KHTML, like Gecko) Chrome/111.0.0.0 Safari/537.36"
10.102.46.158 - - [15/Apr/2023:02:22:58 +0000] "GET /assets/fonts/fa-regular-400.woff2 HTTP/1.1" 200 13512 "http://10.102.47.4/" "Mozilla/5.0 (Windows NT 10.0; Win64; x64) AppleWebKit/537.36 (KHTML, like Gecko) Chrome/111.0.0.0 Safari/537.36"
10.102.46.158 - - [15/Apr/2023:02:22:58 +0000] "GET /assets/fonts/fa-solid-900.woff2 HTTP/1.1" 200 78558 "http://10.102.47.4/" "Mozilla/5.0 (Windows NT 10.0; Win64; x64) AppleWebKit/537.36 (KHTML, like Gecko) Chrome/111.0.0.0 Safari/537.36"
10.102.46.158 - - [15/Apr/2023:02:22:58 +0000] "GET /assets/forum.css?v=cce21347 HTTP/1.1" 200 31818 "http://10.102.47.4/" "Mozilla/5.0 (Windows NT 10.0; Win64; x64) AppleWebKit/537.36 (KHTML, like Gecko) Chrome/111.0.0.0 Safari/537.36"
10.102.46.158 - - [15/Apr/2023:02:22:58 +0000] "GET /assets/forum.js?v=2f6cf6ce HTTP/1.1" 200 189071 "http://10.102.47.4/" "Mozilla/5.0 (Windows NT 10.0; Win64; x64) AppleWebKit/537.36 (KHTML, like Gecko) Chrome/111.0.0.0 Safari/537.36"
10.102.46.158 - - [15/Apr/2023:02:22:58 +0000] "GET /favicon.ico HTTP/1.1" 404 2601 "http://10.102.47.4/" "Mozilla/5.0 (Windows NT 10.0; Win64; x64) AppleWebKit/537.36 (KHTML, like Gecko) Chrome/111.0.0.0 Safari/537.36"
::1 - - [15/Apr/2023:02:23:01 +0000] "OPTIONS * HTTP/1.0" 200 126 "-" "Apache/2.4.52 (Ubuntu) (internal dummy connection)"
::1 - - [15/Apr/2023:02:23:02 +0000] "OPTIONS * HTTP/1.0" 200 126 "-" "Apache/2.4.52 (Ubuntu) (internal dummy connection)"
::1 - - [15/Apr/2023:02:23:03 +0000] "OPTIONS * HTTP/1.0" 200 126 "-" "Apache/2.4.52 (Ubuntu) (internal dummy connection)"
::1 - - [15/Apr/2023:02:23:05 +0000] "OPTIONS * HTTP/1.0" 200 126 "-" "Apache/2.4.52 (Ubuntu) (internal dummy connection)"
::1 - - [15/Apr/2023:02:23:06 +0000] "OPTIONS * HTTP/1.0" 200 126 "-" "Apache/2.4.52 (Ubuntu) (internal dummy connection)"
::1 - - [15/Apr/2023:02:23:07 +0000] "OPTIONS * HTTP/1.0" 200 126 "-" "Apache/2.4.52 (Ubuntu) (internal dummy connection)"
::1 - - [15/Apr/2023:02:23:08 +0000] "OPTIONS * HTTP/1.0" 200 126 "-" "Apache/2.4.52 (Ubuntu) (internal dummy connection)"
10.102.46.158 - - [15/Apr/2023:02:23:09 +0000] "POST /login HTTP/1.1" 500 185 "http://10.102.47.4/" "Mozilla/5.0 (Windows NT 10.0; Win64; x64) AppleWebKit/537.36 (KHTML, like Gecko) Chrome/111.0.0.0 Safari/537.36"
10.102.46.158 - - [15/Apr/2023:02:23:17 +0000] "GET / HTTP/1.1" 200 2432 "-" "Mozilla/5.0 (Windows NT 10.0; Win64; x64) AppleWebKit/537.36 (KHTML, like Gecko) Chrome/111.0.0.0 Safari/537.36"
10.102.46.78 - - [15/Apr/2023:02:23:28 +0000] "POST /public/db.php HTTP/1.1" 404 2565 "http://10.102.47.130/public/db.php" "Mozilla/5.0 (Windows NT 10.0; Win64; x64) AppleWebKit/537.36 (KHTML, like Gecko) Chrome/103.0.5060.53 Safari/537.36"
10.102.46.86 - - [15/Apr/2023:02:24:03 +0000] "GET /?s=index/\\think\\Lang/load&file=/flag.txt HTTP/1.1" 500 31058 "-" "Mozilla/5.0 (Windows NT 10.0; Win64; x64) AppleWebKit/537.36 (KHTML, like Gecko) Chrome/112.0.0.0 Safari/537.36 Edg/112.0.1722.39"
10.102.46.158 - - [15/Apr/2023:02:24:08 +0000] "-" 408 0 "-" "-"
10.102.46.119 - - [15/Apr/2023:02:24:13 +0000] "GET / HTTP/1.1" 500 185 "-" "Mozilla/49.0.2"
10.102.46.86 - - [15/Apr/2023:02:24:16 +0000] "GET /favicon.ico HTTP/1.1" 200 17263 "http://10.102.47.4:8080/?s=index/\\think\\Lang/load&file=/flag.txt" "Mozilla/5.0 (Windows NT 10.0; Win64; x64) AppleWebKit/537.36 (KHTML, like Gecko) Chrome/112.0.0.0 Safari/537.36 Edg/112.0.1722.39"
10.102.46.107 - - [15/Apr/2023:02:24:35 +0000] "GET / HTTP/1.1" 500 185 "-" "Python/3.8 aiohttp/3.8.4"
10.102.47.189 - - [15/Apr/2023:02:24:35 +0000] "GET / HTTP/1.1" 500 185 "-" "Mozilla/5.0 (Windows NT 10.0; Win64; x64; rv:88.0) Gecko/20100101 Firefox/88.0"
10.102.47.189 - - [15/Apr/2023:02:24:35 +0000] "GET /index.php HTTP/1.1" 200 2770 "-" "Mozilla/5.0 (Windows NT 10.0; Win64; x64; rv:88.0) Gecko/20100101 Firefox/88.0"
10.102.46.147 - - [15/Apr/2023:02:24:48 +0000] "GET / HTTP/1.1" 500 185 "-" "Mozilla/5.0 (Windows NT 10.0; Win64; x64) AppleWebKit/537.36 (KHTML, like Gecko) Chrome/112.0.0.0 Safari/537.36"
10.102.46.147 - - [15/Apr/2023:02:24:49 +0000] "GET / HTTP/1.1" 500 185 "-" "Mozilla/5.0 (Windows NT 10.0; Win64; x64) AppleWebKit/537.36 (KHTML, like Gecko) Chrome/112.0.0.0 Safari/537.36"
10.102.46.147 - - [15/Apr/2023:02:24:50 +0000] "GET / HTTP/1.1" 500 185 "-" "Mozilla/5.0 (Windows NT 10.0; Win64; x64) AppleWebKit/537.36 (KHTML, like Gecko) Chrome/112.0.0.0 Safari/537.36"
10.102.46.147 - - [15/Apr/2023:02:24:50 +0000] "GET / HTTP/1.1" 500 185 "-" "Mozilla/5.0 (Windows NT 10.0; Win64; x64) AppleWebKit/537.36 (KHTML, like Gecko) Chrome/112.0.0.0 Safari/537.36"
10.102.46.147 - - [15/Apr/2023:02:24:51 +0000] "GET / HTTP/1.1" 500 185 "-" "Mozilla/5.0 (Windows NT 10.0; Win64; x64) AppleWebKit/537.36 (KHTML, like Gecko) Chrome/112.0.0.0 Safari/537.36"
10.102.46.147 - - [15/Apr/2023:02:24:51 +0000] "GET / HTTP/1.1" 500 185 "-" "Mozilla/5.0 (Windows NT 10.0; Win64; x64) AppleWebKit/537.36 (KHTML, like Gecko) Chrome/112.0.0.0 Safari/537.36"
10.102.46.147 - - [15/Apr/2023:02:24:52 +0000] "GET / HTTP/1.1" 500 185 "-" "Mozilla/5.0 (Windows NT 10.0; Win64; x64) AppleWebKit/537.36 (KHTML, like Gecko) Chrome/112.0.0.0 Safari/537.36"
10.102.46.147 - - [15/Apr/2023:02:24:52 +0000] "GET / HTTP/1.1" 500 185 "-" "Mozilla/5.0 (Windows NT 10.0; Win64; x64) AppleWebKit/537.36 (KHTML, like Gecko) Chrome/112.0.0.0 Safari/537.36"
10.102.46.147 - - [15/Apr/2023:02:24:52 +0000] "GET / HTTP/1.1" 500 185 "-" "Mozilla/5.0 (Windows NT 10.0; Win64; x64) AppleWebKit/537.36 (KHTML, like Gecko) Chrome/112.0.0.0 Safari/537.36"
10.102.46.147 - - [15/Apr/2023:02:24:59 +0000] "GET / HTTP/1.1" 500 185 "-" "Mozilla/5.0 (Windows NT 10.0; Win64; x64) AppleWebKit/537.36 (KHTML, like Gecko) Chrome/112.0.0.0 Safari/537.36"
10.102.46.78 - - [15/Apr/2023:02:25:01 +0000] "POST /public/db.php HTTP/1.1" 500 185 "http://10.102.47.130/public/db.php" "Mozilla/5.0 (Windows NT 10.0; Win64; x64) AppleWebKit/537.36 (KHTML, like Gecko) Chrome/103.0.5060.53 Safari/537.36"
10.102.46.86 - - [15/Apr/2023:02:25:07 +0000] "GET / HTTP/1.1" 500 185 "http://www.baidu.com/link?url=www.so.com&url=www.soso.com&&url=www.sogou.com" "Mozilla/5.0 (Windows NT 10.0; WOW64) AppleWebKit/537.36 (KHTML, like Gecko) Chrome/71.0.3578.98 Safari/537.36"
10.102.46.146 - - [15/Apr/2023:02:25:07 +0000] "GET / HTTP/1.1" 500 185 "-" "Mozilla/5.0 (X11; Linux x86_64) AppleWebKit/537.36 (KHTML, like Gecko) Chrome/112.0.0.0 Safari/537.36 Edg/112.0.1722.46"
10.102.46.146 - - [15/Apr/2023:02:25:08 +0000] "GET / HTTP/1.1" 500 185 "-" "Mozilla/5.0 (X11; Linux x86_64) AppleWebKit/537.36 (KHTML, like Gecko) Chrome/112.0.0.0 Safari/537.36 Edg/112.0.1722.46"
10.102.46.104 - - [15/Apr/2023:02:25:23 +0000] "GET /assets/something/services/AppModule.class/ HTTP/1.1" 500 185 "-" "Mozilla/5.0 (Macintosh; Intel Mac OS X 10_14_3) AppleWebKit/605.1.15 (KHTML, like Gecko) Version/12.0.3 Safari/605.1.15"
10.102.46.104 - - [15/Apr/2023:02:25:27 +0000] "GET /.DS_Store HTTP/1.1" 500 185 "-" "Mozilla/5.0 (Macintosh; Intel Mac OS X 10_14_3) AppleWebKit/605.1.15 (KHTML, like Gecko) Version/12.0.3 Safari/605.1.15"
10.102.46.104 - - [15/Apr/2023:02:25:29 +0000] "GET /.git/config HTTP/1.1" 500 185 "-" "Mozilla/5.0 (Macintosh; Intel Mac OS X 10_14_3) AppleWebKit/605.1.15 (KHTML, like Gecko) Version/12.0.3 Safari/605.1.15"
10.102.46.104 - - [15/Apr/2023:02:25:30 +0000] "GET /.idea/workspace.xml HTTP/1.1" 500 185 "-" "Mozilla/5.0 (Macintosh; Intel Mac OS X 10_14_3) AppleWebKit/605.1.15 (KHTML, like Gecko) Version/12.0.3 Safari/605.1.15"
10.102.46.104 - - [15/Apr/2023:02:25:37 +0000] "GET /.svn/entries HTTP/1.1" 500 185 "-" "Mozilla/5.0 (Macintosh; Intel Mac OS X 10_14_3) AppleWebKit/605.1.15 (KHTML, like Gecko) Version/12.0.3 Safari/605.1.15"
10.102.47.189 - - [15/Apr/2023:02:25:46 +0000] "GET /?keywords=1'+and+'1'='1 HTTP/1.1" 500 185 "-" "Mozilla/5.0 (Windows NT 10.0; Win64; x64) AppleWebKit/537.36 (KHTML, like Gecko) Chrome/92.0.4495.0 Safari/537.36"
10.102.47.189 - - [15/Apr/2023:02:25:46 +0000] "GET / HTTP/1.1" 500 185 "-" "Mozilla/5.0 (Windows NT 10.0; Win64; x64) AppleWebKit/537.36 (KHTML, like Gecko) Chrome/92.0.4495.0 Safari/537.36"
10.102.47.189 - - [15/Apr/2023:02:25:46 +0000] "GET /?file=../../../../flag.txt HTTP/1.1" 500 185 "-" "Mozilla/5.0 (Windows NT 10.0; Win64; x64) AppleWebKit/537.36 (KHTML, like Gecko) Chrome/92.0.4495.0 Safari/537.36"
10.102.47.189 - - [15/Apr/2023:02:25:46 +0000] "GET / HTTP/1.1" 500 185 "-" "Mozilla/5.0 (Windows NT 10.0; Win64; x64) AppleWebKit/537.36 (KHTML, like Gecko) Chrome/92.0.4495.0 Safari/537.36"
10.102.47.189 - - [15/Apr/2023:02:25:46 +0000] "GET /?rce=O:4:%22User%22:2:%7Bs:3:%22age%22;i:18;s:4:%22name%22;s:9:%22vergilben%22;%7D HTTP/1.1" 500 185 "-" "Mozilla/5.0 (Windows NT 10.0; Win64; x64) AppleWebKit/537.36 (KHTML, like Gecko) Chrome/92.0.4495.0 Safari/537.36"
10.102.47.189 - - [15/Apr/2023:02:25:46 +0000] "GET / HTTP/1.1" 500 185 "-" "Mozilla/5.0 (Windows NT 10.0; Win64; x64) AppleWebKit/537.36 (KHTML, like Gecko) Chrome/92.0.4495.0 Safari/537.36"
10.102.47.189 - - [15/Apr/2023:02:25:46 +0000] "GET /?search=curl_exec(whoami) HTTP/1.1" 500 185 "-" "Mozilla/5.0 (Windows NT 10.0; Win64; x64) AppleWebKit/537.36 (KHTML, like Gecko) Chrome/92.0.4495.0 Safari/537.36"
10.102.47.189 - - [15/Apr/2023:02:25:46 +0000] "GET / HTTP/1.1" 500 185 "-" "Mozilla/5.0 (Windows NT 10.0; Win64; x64) AppleWebKit/537.36 (KHTML, like Gecko) Chrome/92.0.4495.0 Safari/537.36"
10.102.47.189 - - [15/Apr/2023:02:25:46 +0000] "GET /?zzz=eval(system(%22cat%20/flag%22)) HTTP/1.1" 500 185 "-" "Mozilla/5.0 (Windows NT 10.0; Win64; x64) AppleWebKit/537.36 (KHTML, like Gecko) Chrome/92.0.4495.0 Safari/537.36"
10.102.47.189 - - [15/Apr/2023:02:25:46 +0000] "GET / HTTP/1.1" 500 185 "-" "Mozilla/5.0 (Windows NT 10.0; Win64; x64) AppleWebKit/537.36 (KHTML, like Gecko) Chrome/92.0.4495.0 Safari/537.36"
10.102.47.189 - - [15/Apr/2023:02:25:46 +0000] "GET /?flag=cat%20flag.txt HTTP/1.1" 500 185 "-" "Mozilla/5.0 (Windows NT 10.0; Win64; x64) AppleWebKit/537.36 (KHTML, like Gecko) Chrome/92.0.4495.0 Safari/537.36"
10.102.47.189 - - [15/Apr/2023:02:25:46 +0000] "GET / HTTP/1.1" 500 185 "-" "Mozilla/5.0 (Windows NT 10.0; Win64; x64) AppleWebKit/537.36 (KHTML, like Gecko) Chrome/92.0.4495.0 Safari/537.36"
10.102.47.189 - - [15/Apr/2023:02:25:46 +0000] "GET /?keywords=1'+and+'1'='1 HTTP/1.1" 200 2763 "-" "Mozilla/5.0 (Windows NT 10.0; Win64; x64) AppleWebKit/537.36 (KHTML, like Gecko) Chrome/92.0.4495.0 Safari/537.36"
10.102.47.189 - - [15/Apr/2023:02:25:47 +0000] "GET /?file=../../../../flag.txt HTTP/1.1" 200 2763 "-" "Mozilla/5.0 (Windows NT 10.0; Win64; x64) AppleWebKit/537.36 (KHTML, like Gecko) Chrome/92.0.4495.0 Safari/537.36"
10.102.47.189 - - [15/Apr/2023:02:25:47 +0000] "GET /?rce=O:4:%22User%22:2:%7Bs:3:%22age%22;i:18;s:4:%22name%22;s:9:%22vergilben%22;%7D HTTP/1.1" 200 2763 "-" "Mozilla/5.0 (Windows NT 10.0; Win64; x64) AppleWebKit/537.36 (KHTML, like Gecko) Chrome/92.0.4495.0 Safari/537.36"
10.102.47.189 - - [15/Apr/2023:02:25:47 +0000] "GET /?search=curl_exec(whoami) HTTP/1.1" 200 2763 "-" "Mozilla/5.0 (Windows NT 10.0; Win64; x64) AppleWebKit/537.36 (KHTML, like Gecko) Chrome/92.0.4495.0 Safari/537.36"
10.102.47.189 - - [15/Apr/2023:02:25:47 +0000] "GET /?zzz=eval(system(%22cat%20/flag%22)) HTTP/1.1" 200 2763 "-" "Mozilla/5.0 (Windows NT 10.0; Win64; x64) AppleWebKit/537.36 (KHTML, like Gecko) Chrome/92.0.4495.0 Safari/537.36"
10.102.47.189 - - [15/Apr/2023:02:25:47 +0000] "GET /?flag=cat%20flag.txt HTTP/1.1" 200 2763 "-" "Mozilla/5.0 (Windows NT 10.0; Win64; x64) AppleWebKit/537.36 (KHTML, like Gecko) Chrome/92.0.4495.0 Safari/537.36"
10.102.46.147 - - [15/Apr/2023:02:25:50 +0000] "-" 408 0 "-" "-"
10.102.46.145 - - [15/Apr/2023:02:25:55 +0000] "GET / HTTP/1.1" 500 185 "-" "Mozilla/5.0 (Windows NT 10.0; Win64; x64) AppleWebKit/537.36 (KHTML, like Gecko) Chrome/112.0.0.0 Safari/537.36 Edg/112.0.1722.46"
10.102.46.107 - - [15/Apr/2023:02:25:59 +0000] "GET / HTTP/1.1" 200 2707 "-" "Python/3.8 aiohttp/3.8.4"
10.102.46.146 - - [15/Apr/2023:02:26:00 +0000] "-" 408 0 "-" "-"
10.102.46.146 - - [15/Apr/2023:02:26:25 +0000] "GET / HTTP/1.1" 500 185 "-" "Mozilla/5.0 (X11; Linux x86_64) AppleWebKit/537.36 (KHTML, like Gecko) Chrome/112.0.0.0 Safari/537.36 Edg/112.0.1722.46"
10.102.46.146 - - [15/Apr/2023:02:26:26 +0000] "GET / HTTP/1.1" 500 185 "-" "Mozilla/5.0 (X11; Linux x86_64) AppleWebKit/537.36 (KHTML, like Gecko) Chrome/112.0.0.0 Safari/537.36 Edg/112.0.1722.46"
10.102.46.146 - - [15/Apr/2023:02:26:27 +0000] "GET / HTTP/1.1" 500 185 "-" "Mozilla/5.0 (X11; Linux x86_64) AppleWebKit/537.36 (KHTML, like Gecko) Chrome/112.0.0.0 Safari/537.36 Edg/112.0.1722.46"
10.102.46.146 - - [15/Apr/2023:02:26:27 +0000] "GET / HTTP/1.1" 500 185 "-" "Mozilla/5.0 (X11; Linux x86_64) AppleWebKit/537.36 (KHTML, like Gecko) Chrome/112.0.0.0 Safari/537.36 Edg/112.0.1722.46"
10.102.46.146 - - [15/Apr/2023:02:26:28 +0000] "GET / HTTP/1.1" 500 185 "-" "Mozilla/5.0 (X11; Linux x86_64) AppleWebKit/537.36 (KHTML, like Gecko) Chrome/112.0.0.0 Safari/537.36 Edg/112.0.1722.46"
10.102.46.146 - - [15/Apr/2023:02:26:28 +0000] "GET / HTTP/1.1" 500 185 "-" "Mozilla/5.0 (X11; Linux x86_64) AppleWebKit/537.36 (KHTML, like Gecko) Chrome/112.0.0.0 Safari/537.36 Edg/112.0.1722.46"
10.102.46.146 - - [15/Apr/2023:02:26:28 +0000] "GET / HTTP/1.1" 500 185 "-" "Mozilla/5.0 (X11; Linux x86_64) AppleWebKit/537.36 (KHTML, like Gecko) Chrome/112.0.0.0 Safari/537.36 Edg/112.0.1722.46"
10.102.46.147 - - [15/Apr/2023:02:26:34 +0000] "GET / HTTP/1.1" 500 185 "-" "Mozilla/5.0 (Windows NT 10.0; Win64; x64) AppleWebKit/537.36 (KHTML, like Gecko) Chrome/112.0.0.0 Safari/537.36"
10.102.46.147 - - [15/Apr/2023:02:26:35 +0000] "GET / HTTP/1.1" 500 185 "-" "Mozilla/5.0 (Windows NT 10.0; Win64; x64) AppleWebKit/537.36 (KHTML, like Gecko) Chrome/112.0.0.0 Safari/537.36"
10.102.46.147 - - [15/Apr/2023:02:26:37 +0000] "GET / HTTP/1.1" 500 185 "-" "Mozilla/5.0 (Windows NT 10.0; Win64; x64) AppleWebKit/537.36 (KHTML, like Gecko) Chrome/112.0.0.0 Safari/537.36"
10.102.46.147 - - [15/Apr/2023:02:26:37 +0000] "GET / HTTP/1.1" 500 185 "-" "Mozilla/5.0 (Windows NT 10.0; Win64; x64) AppleWebKit/537.36 (KHTML, like Gecko) Chrome/112.0.0.0 Safari/537.36"
10.102.46.147 - - [15/Apr/2023:02:26:37 +0000] "GET / HTTP/1.1" 500 185 "-" "Mozilla/5.0 (Windows NT 10.0; Win64; x64) AppleWebKit/537.36 (KHTML, like Gecko) Chrome/112.0.0.0 Safari/537.36"
10.102.46.147 - - [15/Apr/2023:02:26:37 +0000] "GET / HTTP/1.1" 500 185 "-" "Mozilla/5.0 (Windows NT 10.0; Win64; x64) AppleWebKit/537.36 (KHTML, like Gecko) Chrome/112.0.0.0 Safari/537.36"
10.102.46.147 - - [15/Apr/2023:02:26:38 +0000] "GET / HTTP/1.1" 500 185 "-" "Mozilla/5.0 (Windows NT 10.0; Win64; x64) AppleWebKit/537.36 (KHTML, like Gecko) Chrome/112.0.0.0 Safari/537.36"
10.102.46.147 - - [15/Apr/2023:02:26:38 +0000] "GET / HTTP/1.1" 500 185 "-" "Mozilla/5.0 (Windows NT 10.0; Win64; x64) AppleWebKit/537.36 (KHTML, like Gecko) Chrome/112.0.0.0 Safari/537.36"
10.102.46.147 - - [15/Apr/2023:02:26:38 +0000] "GET / HTTP/1.1" 500 185 "-" "Mozilla/5.0 (Windows NT 10.0; Win64; x64) AppleWebKit/537.36 (KHTML, like Gecko) Chrome/112.0.0.0 Safari/537.36"
10.102.46.145 - - [15/Apr/2023:02:26:47 +0000] "-" 408 0 "-" "-"
10.102.46.146 - - [15/Apr/2023:02:27:20 +0000] "-" 408 0 "-" "-"
10.102.46.147 - - [15/Apr/2023:02:27:29 +0000] "-" 408 0 "-" "-"
10.102.46.117 - - [15/Apr/2023:02:27:42 +0000] "GET / HTTP/1.1" 200 6199 "-" "Mozilla/49.0.2"
10.102.46.146 - - [15/Apr/2023:02:27:53 +0000] "GET / HTTP/1.1" 200 2437 "-" "Mozilla/5.0 (X11; Linux x86_64) AppleWebKit/537.36 (KHTML, like Gecko) Chrome/112.0.0.0 Safari/537.36 Edg/112.0.1722.46"
10.102.46.146 - - [15/Apr/2023:02:28:44 +0000] "-" 408 0 "-" "-"
10.102.46.147 - - [15/Apr/2023:02:29:03 +0000] "GET / HTTP/1.1" 200 2434 "-" "Mozilla/5.0 (Windows NT 10.0; Win64; x64) AppleWebKit/537.36 (KHTML, like Gecko) Chrome/112.0.0.0 Safari/537.36"
10.102.46.147 - - [15/Apr/2023:02:29:54 +0000] "-" 408 0 "-" "-"
10.102.46.145 - - [15/Apr/2023:02:30:52 +0000] "GET / HTTP/1.1" 200 2440 "-" "Mozilla/5.0 (Windows NT 10.0; Win64; x64) AppleWebKit/537.36 (KHTML, like Gecko) Chrome/112.0.0.0 Safari/537.36 Edg/112.0.1722.46"
10.102.46.145 - - [15/Apr/2023:02:30:53 +0000] "GET /assets/fonts/fa-solid-900.woff2 HTTP/1.1" 200 78558 "http://10.102.47.4/" "Mozilla/5.0 (Windows NT 10.0; Win64; x64) AppleWebKit/537.36 (KHTML, like Gecko) Chrome/112.0.0.0 Safari/537.36 Edg/112.0.1722.46"
10.102.46.145 - - [15/Apr/2023:02:30:53 +0000] "GET /assets/forum-en.js?v=6f96c4cd HTTP/1.1" 200 5654 "http://10.102.47.4/" "Mozilla/5.0 (Windows NT 10.0; Win64; x64) AppleWebKit/537.36 (KHTML, like Gecko) Chrome/112.0.0.0 Safari/537.36 Edg/112.0.1722.46"
10.102.46.145 - - [15/Apr/2023:02:30:53 +0000] "GET /assets/fonts/fa-regular-400.woff2 HTTP/1.1" 200 13513 "http://10.102.47.4/" "Mozilla/5.0 (Windows NT 10.0; Win64; x64) AppleWebKit/537.36 (KHTML, like Gecko) Chrome/112.0.0.0 Safari/537.36 Edg/112.0.1722.46"
10.102.46.145 - - [15/Apr/2023:02:30:53 +0000] "GET /assets/forum-en.js?v=6f96c4cd HTTP/1.1" 200 5653 "-" "Mozilla/5.0 (Windows NT 10.0; Win64; x64) AppleWebKit/537.36 (KHTML, like Gecko) Chrome/112.0.0.0 Safari/537.36 Edg/112.0.1722.46"
10.102.46.145 - - [15/Apr/2023:02:30:53 +0000] "GET /assets/forum.css?v=cce21347 HTTP/1.1" 200 31818 "http://10.102.47.4/" "Mozilla/5.0 (Windows NT 10.0; Win64; x64) AppleWebKit/537.36 (KHTML, like Gecko) Chrome/112.0.0.0 Safari/537.36 Edg/112.0.1722.46"
10.102.46.145 - - [15/Apr/2023:02:30:53 +0000] "GET /assets/forum.js?v=2f6cf6ce HTTP/1.1" 200 189071 "http://10.102.47.4/" "Mozilla/5.0 (Windows NT 10.0; Win64; x64) AppleWebKit/537.36 (KHTML, like Gecko) Chrome/112.0.0.0 Safari/537.36 Edg/112.0.1722.46"
10.102.46.145 - - [15/Apr/2023:02:30:53 +0000] "GET /assets/forum.js?v=2f6cf6ce HTTP/1.1" 200 189070 "-" "Mozilla/5.0 (Windows NT 10.0; Win64; x64) AppleWebKit/537.36 (KHTML, like Gecko) Chrome/112.0.0.0 Safari/537.36 Edg/112.0.1722.46"
10.102.46.145 - - [15/Apr/2023:02:30:53 +0000] "GET /favicon.ico HTTP/1.1" 404 2601 "http://10.102.47.4/" "Mozilla/5.0 (Windows NT 10.0; Win64; x64) AppleWebKit/537.36 (KHTML, like Gecko) Chrome/112.0.0.0 Safari/537.36 Edg/112.0.1722.46"
10.102.46.147 - - [15/Apr/2023:02:31:11 +0000] "GET / HTTP/1.1" 200 2437 "-" "Mozilla/5.0 (Windows NT 10.0; Win64; x64) AppleWebKit/537.36 (KHTML, like Gecko) Chrome/112.0.0.0 Safari/537.36"
10.102.46.146 - - [15/Apr/2023:02:31:22 +0000] "GET / HTTP/1.1" 200 2437 "-" "Mozilla/5.0 (X11; Linux x86_64) AppleWebKit/537.36 (KHTML, like Gecko) Chrome/112.0.0.0 Safari/537.36 Edg/112.0.1722.46"
10.102.46.146 - - [15/Apr/2023:02:31:23 +0000] "GET / HTTP/1.1" 200 2435 "-" "Mozilla/5.0 (X11; Linux x86_64) AppleWebKit/537.36 (KHTML, like Gecko) Chrome/112.0.0.0 Safari/537.36 Edg/112.0.1722.46"
10.102.46.115 - - [15/Apr/2023:02:31:29 +0000] "POST /public/db.php HTTP/1.1" 404 2602 "-" "Mozilla/5.0 (Windows NT 6.1; WOW64) AppleWebKit/537.36 (KHTML, like Gecko) Chrome/63.0.3239.132 Safari/537.36 QIHU 360SE"
10.102.46.145 - - [15/Apr/2023:02:31:49 +0000] "GET / HTTP/1.1" 200 2435 "-" "Mozilla/5.0 (Windows NT 10.0; Win64; x64) AppleWebKit/537.36 (KHTML, like Gecko) Chrome/112.0.0.0 Safari/537.36 Edg/112.0.1722.46"
10.102.46.145 - - [15/Apr/2023:02:31:52 +0000] "GET /public/assets/admin123.php HTTP/1.1" 404 2601 "-" "Mozilla/5.0 (Windows NT 10.0; Win64; x64) AppleWebKit/537.36 (KHTML, like Gecko) Chrome/112.0.0.0 Safari/537.36 Edg/112.0.1722.46"
10.102.46.147 - - [15/Apr/2023:02:32:02 +0000] "-" 408 0 "-" "-"
10.102.46.145 - - [15/Apr/2023:02:32:10 +0000] "GET /public/assets/admin123.php HTTP/1.1" 404 2602 "-" "Mozilla/5.0 (Windows NT 10.0; Win64; x64) AppleWebKit/537.36 (KHTML, like Gecko) Chrome/112.0.0.0 Safari/537.36 Edg/112.0.1722.46"
10.102.46.146 - - [15/Apr/2023:02:32:14 +0000] "-" 408 0 "-" "-"
10.102.46.146 - - [15/Apr/2023:02:32:15 +0000] "GET / HTTP/1.1" 200 2433 "-" "Mozilla/5.0 (X11; Linux x86_64) AppleWebKit/537.36 (KHTML, like Gecko) Chrome/112.0.0.0 Safari/537.36 Edg/112.0.1722.46"
10.102.46.146 - - [15/Apr/2023:02:32:16 +0000] "GET / HTTP/1.1" 200 2434 "-" "Mozilla/5.0 (X11; Linux x86_64) AppleWebKit/537.36 (KHTML, like Gecko) Chrome/112.0.0.0 Safari/537.36 Edg/112.0.1722.46"
10.102.46.161 - - [15/Apr/2023:02:32:28 +0000] "GET / HTTP/1.1" 200 2439 "-" "python-requests/2.28.2"
10.102.46.115 - - [15/Apr/2023:02:32:52 +0000] "POST /public/db.php HTTP/1.1" 404 2602 "-" "Mozilla/5.0 (Windows NT 6.1; WOW64) AppleWebKit/537.36 (KHTML, like Gecko) Chrome/63.0.3239.132 Safari/537.36 QIHU 360SE"
10.102.46.105 - - [15/Apr/2023:02:32:57 +0000] "GET / HTTP/1.1" 200 2379 "-" "Python/3.9 aiohttp/3.7.4.post0"
10.102.46.145 - - [15/Apr/2023:02:33:02 +0000] "-" 408 0 "-" "-"
10.102.46.146 - - [15/Apr/2023:02:33:07 +0000] "-" 408 0 "-" "-"
10.102.46.191 - - [15/Apr/2023:02:33:46 +0000] "GET / HTTP/1.1" 200 2436 "-" "Mozilla/5.0 (Windows NT 10.0; Win64; x64) AppleWebKit/537.36 (KHTML, like Gecko) Chrome/112.0.0.0 Safari/537.36"
10.102.46.105 - - [15/Apr/2023:02:33:57 +0000] "GET / HTTP/1.1" 200 2379 "-" "Python/3.9 aiohttp/3.7.4.post0"
10.102.46.115 - - [15/Apr/2023:02:34:24 +0000] "POST //.one.php HTTP/1.1" 404 2602 "-" "Mozilla/5.0 (Windows NT 6.1; WOW64) AppleWebKit/537.36 (KHTML, like Gecko) Chrome/63.0.3239.132 Safari/537.36 QIHU 360SE"
10.102.46.191 - - [15/Apr/2023:02:34:37 +0000] "-" 408 0 "-" "-"
10.102.46.155 - - [15/Apr/2023:02:34:57 +0000] "POST / HTTP/1.1" 405 2549 "-" "python-requests/2.22.0"
10.102.46.155 - - [15/Apr/2023:02:35:12 +0000] "GET / HTTP/1.1" 200 2432 "-" "Mozilla/5.0 (Windows NT 10.0; Win64; x64) AppleWebKit/537.36 (KHTML, like Gecko) Chrome/112.0.0.0 Safari/537.36 Edg/112.0.1722.39"
10.102.46.155 - - [15/Apr/2023:02:35:12 +0000] "GET /assets/fonts/fa-solid-900.woff2 HTTP/1.1" 200 78558 "http://10.102.47.4/" "Mozilla/5.0 (Windows NT 10.0; Win64; x64) AppleWebKit/537.36 (KHTML, like Gecko) Chrome/112.0.0.0 Safari/537.36 Edg/112.0.1722.39"
10.102.46.155 - - [15/Apr/2023:02:35:12 +0000] "GET /assets/fonts/fa-regular-400.woff2 HTTP/1.1" 200 13513 "http://10.102.47.4/" "Mozilla/5.0 (Windows NT 10.0; Win64; x64) AppleWebKit/537.36 (KHTML, like Gecko) Chrome/112.0.0.0 Safari/537.36 Edg/112.0.1722.39"
10.102.46.155 - - [15/Apr/2023:02:35:12 +0000] "GET /assets/forum-en.js?v=6f96c4cd HTTP/1.1" 200 5654 "http://10.102.47.4/" "Mozilla/5.0 (Windows NT 10.0; Win64; x64) AppleWebKit/537.36 (KHTML, like Gecko) Chrome/112.0.0.0 Safari/537.36 Edg/112.0.1722.39"
10.102.46.155 - - [15/Apr/2023:02:35:12 +0000] "GET /assets/forum.css?v=cce21347 HTTP/1.1" 200 31818 "http://10.102.47.4/" "Mozilla/5.0 (Windows NT 10.0; Win64; x64) AppleWebKit/537.36 (KHTML, like Gecko) Chrome/112.0.0.0 Safari/537.36 Edg/112.0.1722.39"
10.102.46.155 - - [15/Apr/2023:02:35:12 +0000] "GET /assets/forum.js?v=2f6cf6ce HTTP/1.1" 200 189071 "http://10.102.47.4/" "Mozilla/5.0 (Windows NT 10.0; Win64; x64) AppleWebKit/537.36 (KHTML, like Gecko) Chrome/112.0.0.0 Safari/537.36 Edg/112.0.1722.39"
10.102.46.155 - - [15/Apr/2023:02:35:13 +0000] "GET /favicon.ico HTTP/1.1" 404 2601 "http://10.102.47.4/" "Mozilla/5.0 (Windows NT 10.0; Win64; x64) AppleWebKit/537.36 (KHTML, like Gecko) Chrome/112.0.0.0 Safari/537.36 Edg/112.0.1722.39"
10.102.46.175 - - [15/Apr/2023:02:35:31 +0000] "GET / HTTP/1.1" 200 2382 "-" "Mozilla/5.0 (Windows NT 5.1; rv:9.0.1) Gecko/20100101 Firefox/9.0.1"
10.102.46.175 - - [15/Apr/2023:02:35:31 +0000] "GET /HNAP1/ HTTP/1.1" 404 2546 "http://10.102.47.4/" "Mozilla/5.0 (Windows NT 5.1; rv:9.0.1) Gecko/20100101 Firefox/9.0.1"
10.102.46.115 - - [15/Apr/2023:02:35:33 +0000] "POST /public/db.php HTTP/1.1" 404 2602 "-" "Mozilla/5.0 (Windows NT 6.1; WOW64) AppleWebKit/537.36 (KHTML, like Gecko) Chrome/63.0.3239.132 Safari/537.36 QIHU 360SE"
10.102.46.105 - - [15/Apr/2023:02:35:34 +0000] "GET / HTTP/1.1" 200 2382 "-" "Python/3.9 aiohttp/3.7.4.post0"
10.102.47.48 - - [15/Apr/2023:02:36:11 +0000] "POST //.one.php HTTP/1.1" 404 2565 "-" "Mozilla/5.0 (Windows NT 6.1; WOW64) AppleWebKit/537.36 (KHTML, like Gecko) Chrome/63.0.3239.132 Safari/537.36 QIHU 360SE"
10.102.46.147 - - [15/Apr/2023:02:36:15 +0000] "GET / HTTP/1.1" 200 2435 "-" "Mozilla/5.0 (Windows NT 10.0; Win64; x64) AppleWebKit/537.36 (KHTML, like Gecko) Chrome/112.0.0.0 Safari/537.36"
10.102.46.147 - - [15/Apr/2023:02:36:19 +0000] "GET /public HTTP/1.1" 404 2601 "-" "Mozilla/5.0 (Windows NT 10.0; Win64; x64) AppleWebKit/537.36 (KHTML, like Gecko) Chrome/112.0.0.0 Safari/537.36"
10.102.46.115 - - [15/Apr/2023:02:36:26 +0000] "POST /public/db.php HTTP/1.1" 404 2602 "-" "Mozilla/5.0 (Windows NT 6.1; WOW64) AppleWebKit/537.36 (KHTML, like Gecko) Chrome/63.0.3239.132 Safari/537.36 QIHU 360SE"
10.102.46.107 - - [15/Apr/2023:02:36:30 +0000] "GET / HTTP/1.1" 200 2438 "-" "Mozilla/5.0 (Macintosh; Intel Mac OS X 10_15_7) AppleWebKit/537.36 (KHTML, like Gecko) Chrome/112.0.0.0 Safari/537.36"
10.102.46.107 - - [15/Apr/2023:02:36:30 +0000] "GET /assets/forum-en.js?v=6f96c4cd HTTP/1.1" 200 5654 "http://10.102.47.4/" "Mozilla/5.0 (Macintosh; Intel Mac OS X 10_15_7) AppleWebKit/537.36 (KHTML, like Gecko) Chrome/112.0.0.0 Safari/537.36"
10.102.46.107 - - [15/Apr/2023:02:36:30 +0000] "GET /assets/forum.css?v=cce21347 HTTP/1.1" 200 31818 "http://10.102.47.4/" "Mozilla/5.0 (Macintosh; Intel Mac OS X 10_15_7) AppleWebKit/537.36 (KHTML, like Gecko) Chrome/112.0.0.0 Safari/537.36"
10.102.46.107 - - [15/Apr/2023:02:36:30 +0000] "GET /assets/fonts/fa-solid-900.woff2 HTTP/1.1" 200 78558 "http://10.102.47.4/" "Mozilla/5.0 (Macintosh; Intel Mac OS X 10_15_7) AppleWebKit/537.36 (KHTML, like Gecko) Chrome/112.0.0.0 Safari/537.36"
10.102.46.107 - - [15/Apr/2023:02:36:30 +0000] "GET /assets/fonts/fa-regular-400.woff2 HTTP/1.1" 200 13513 "http://10.102.47.4/" "Mozilla/5.0 (Macintosh; Intel Mac OS X 10_15_7) AppleWebKit/537.36 (KHTML, like Gecko) Chrome/112.0.0.0 Safari/537.36"
10.102.46.107 - - [15/Apr/2023:02:36:30 +0000] "GET /assets/forum-en.js?v=6f96c4cd HTTP/1.1" 200 5654 "-" "Mozilla/5.0 (Macintosh; Intel Mac OS X 10_15_7) AppleWebKit/537.36 (KHTML, like Gecko) Chrome/112.0.0.0 Safari/537.36"
10.102.46.107 - - [15/Apr/2023:02:36:30 +0000] "GET /assets/forum.js?v=2f6cf6ce HTTP/1.1" 200 189071 "http://10.102.47.4/" "Mozilla/5.0 (Macintosh; Intel Mac OS X 10_15_7) AppleWebKit/537.36 (KHTML, like Gecko) Chrome/112.0.0.0 Safari/537.36"
10.102.46.107 - - [15/Apr/2023:02:36:30 +0000] "GET /assets/forum.js?v=2f6cf6ce HTTP/1.1" 200 189070 "-" "Mozilla/5.0 (Macintosh; Intel Mac OS X 10_15_7) AppleWebKit/537.36 (KHTML, like Gecko) Chrome/112.0.0.0 Safari/537.36"
10.102.46.191 - - [15/Apr/2023:02:36:30 +0000] "GET / HTTP/1.1" 200 2436 "-" "Mozilla/5.0 (Windows NT 10.0; Win64; x64) AppleWebKit/537.36 (KHTML, like Gecko) Chrome/112.0.0.0 Safari/537.36"
10.102.46.191 - - [15/Apr/2023:02:36:30 +0000] "GET /assets/forum-en.js?v=6f96c4cd HTTP/1.1" 200 5654 "http://10.102.47.4/" "Mozilla/5.0 (Windows NT 10.0; Win64; x64) AppleWebKit/537.36 (KHTML, like Gecko) Chrome/112.0.0.0 Safari/537.36"
10.102.46.191 - - [15/Apr/2023:02:36:30 +0000] "GET /assets/fonts/fa-regular-400.woff2 HTTP/1.1" 200 13513 "http://10.102.47.4/" "Mozilla/5.0 (Windows NT 10.0; Win64; x64) AppleWebKit/537.36 (KHTML, like Gecko) Chrome/112.0.0.0 Safari/537.36"
10.102.46.191 - - [15/Apr/2023:02:36:30 +0000] "GET /assets/fonts/fa-solid-900.woff2 HTTP/1.1" 200 78558 "http://10.102.47.4/" "Mozilla/5.0 (Windows NT 10.0; Win64; x64) AppleWebKit/537.36 (KHTML, like Gecko) Chrome/112.0.0.0 Safari/537.36"
10.102.46.191 - - [15/Apr/2023:02:36:30 +0000] "GET /assets/forum.css?v=cce21347 HTTP/1.1" 200 31818 "http://10.102.47.4/" "Mozilla/5.0 (Windows NT 10.0; Win64; x64) AppleWebKit/537.36 (KHTML, like Gecko) Chrome/112.0.0.0 Safari/537.36"
10.102.46.107 - - [15/Apr/2023:02:36:30 +0000] "GET /favicon.ico HTTP/1.1" 404 2601 "http://10.102.47.4/" "Mozilla/5.0 (Macintosh; Intel Mac OS X 10_15_7) AppleWebKit/537.36 (KHTML, like Gecko) Chrome/112.0.0.0 Safari/537.36"
10.102.46.191 - - [15/Apr/2023:02:36:30 +0000] "GET /assets/forum.js?v=2f6cf6ce HTTP/1.1" 200 189071 "http://10.102.47.4/" "Mozilla/5.0 (Windows NT 10.0; Win64; x64) AppleWebKit/537.36 (KHTML, like Gecko) Chrome/112.0.0.0 Safari/537.36"
10.102.46.191 - - [15/Apr/2023:02:36:31 +0000] "GET /favicon.ico HTTP/1.1" 404 2601 "http://10.102.47.4/" "Mozilla/5.0 (Windows NT 10.0; Win64; x64) AppleWebKit/537.36 (KHTML, like Gecko) Chrome/112.0.0.0 Safari/537.36"
10.102.46.147 - - [15/Apr/2023:02:36:32 +0000] "GET /public/index.php HTTP/1.1" 404 2602 "-" "Mozilla/5.0 (Windows NT 10.0; Win64; x64) AppleWebKit/537.36 (KHTML, like Gecko) Chrome/112.0.0.0 Safari/537.36"
10.102.46.147 - - [15/Apr/2023:02:36:34 +0000] "GET /public/index.php HTTP/1.1" 404 2601 "-" "Mozilla/5.0 (Windows NT 10.0; Win64; x64) AppleWebKit/537.36 (KHTML, like Gecko) Chrome/112.0.0.0 Safari/537.36"
10.102.46.147 - - [15/Apr/2023:02:36:35 +0000] "GET /public/index.php HTTP/1.1" 404 2601 "-" "Mozilla/5.0 (Windows NT 10.0; Win64; x64) AppleWebKit/537.36 (KHTML, like Gecko) Chrome/112.0.0.0 Safari/537.36"
10.102.46.191 - - [15/Apr/2023:02:36:36 +0000] "POST /login HTTP/1.1" 500 185 "http://10.102.47.4/" "Mozilla/5.0 (Windows NT 10.0; Win64; x64) AppleWebKit/537.36 (KHTML, like Gecko) Chrome/112.0.0.0 Safari/537.36"
::1 - - [15/Apr/2023:02:36:37 +0000] "OPTIONS * HTTP/1.0" 200 126 "-" "Apache/2.4.52 (Ubuntu) (internal dummy connection)"
10.102.46.191 - - [15/Apr/2023:02:36:38 +0000] "GET /admin HTTP/1.1" 403 2538 "-" "Mozilla/5.0 (Windows NT 10.0; Win64; x64) AppleWebKit/537.36 (KHTML, like Gecko) Chrome/112.0.0.0 Safari/537.36"
::1 - - [15/Apr/2023:02:36:38 +0000] "OPTIONS * HTTP/1.0" 200 126 "-" "Apache/2.4.52 (Ubuntu) (internal dummy connection)"
::1 - - [15/Apr/2023:02:36:39 +0000] "OPTIONS * HTTP/1.0" 200 126 "-" "Apache/2.4.52 (Ubuntu) (internal dummy connection)"
::1 - - [15/Apr/2023:02:36:40 +0000] "OPTIONS * HTTP/1.0" 200 126 "-" "Apache/2.4.52 (Ubuntu) (internal dummy connection)"
::1 - - [15/Apr/2023:02:36:41 +0000] "OPTIONS * HTTP/1.0" 200 126 "-" "Apache/2.4.52 (Ubuntu) (internal dummy connection)"
::1 - - [15/Apr/2023:02:36:42 +0000] "OPTIONS * HTTP/1.0" 200 126 "-" "Apache/2.4.52 (Ubuntu) (internal dummy connection)"
::1 - - [15/Apr/2023:02:36:43 +0000] "OPTIONS * HTTP/1.0" 200 126 "-" "Apache/2.4.52 (Ubuntu) (internal dummy connection)"
10.102.46.115 - - [15/Apr/2023:02:36:55 +0000] "GET //bk.php?1=1 HTTP/1.1" 404 2602 "-" "Mozilla/5.0 (Windows NT 6.1; WOW64) AppleWebKit/537.36 (KHTML, like Gecko) Chrome/63.0.3239.132 Safari/537.36 QIHU 360SE"
10.102.46.147 - - [15/Apr/2023:02:36:55 +0000] "GET / HTTP/1.1" 200 2435 "-" "Mozilla/5.0 (Windows NT 10.0; Win64; x64) AppleWebKit/537.36 (KHTML, like Gecko) Chrome/112.0.0.0 Safari/537.36"
10.102.46.191 - - [15/Apr/2023:02:36:56 +0000] "POST /login HTTP/1.1" 500 185 "http://10.102.47.4/" "Mozilla/5.0 (Windows NT 10.0; Win64; x64) AppleWebKit/537.36 (KHTML, like Gecko) Chrome/112.0.0.0 Safari/537.36"
10.102.46.191 - - [15/Apr/2023:02:37:07 +0000] "POST /login HTTP/1.1" 500 185 "http://10.102.47.4/" "Mozilla/5.0 (Windows NT 10.0; Win64; x64) AppleWebKit/537.36 (KHTML, like Gecko) Chrome/112.0.0.0 Safari/537.36"
10.102.46.105 - - [15/Apr/2023:02:37:21 +0000] "POST /db.php HTTP/1.1" 404 2602 "-" "Mozilla/5.0 (Windows NT 10.0; Win64; x64) AppleWebKit/537.36 (KHTML, like Gecko) Chrome/90.0.4430.93 Safari/537.36"
10.102.46.102 - - [15/Apr/2023:02:37:35 +0000] "POST /?s=index HTTP/1.1" 200 2801 "-" "Mozilla/5.0 (Windows NT 10.0; Win64; x64) AppleWebKit/537.36 (KHTML, like Gecko) Chrome/54.0.2840.99 Safari/537.36"
10.102.46.105 - - [15/Apr/2023:02:37:37 +0000] "POST /db.php HTTP/1.1" 404 2602 "-" "Mozilla/5.0 (Windows NT 10.0; Win64; x64) AppleWebKit/537.36 (KHTML, like Gecko) Chrome/90.0.4430.93 Safari/537.36"
10.102.46.105 - - [15/Apr/2023:02:37:37 +0000] "GET /asd.php HTTP/1.1" 404 2602 "-" "python-requests/2.28.1"
10.102.46.105 - - [15/Apr/2023:02:37:37 +0000] "POST /.config.php?pwd=Z@pGPk9@fDbKWlSi HTTP/1.1" 404 2602 "-" "Mozilla/5.0 (Windows NT 10.0; Win64; x64) AppleWebKit/537.36 (KHTML, like Gecko) Chrome/90.0.4430.93 Safari/537.36"
10.102.46.147 - - [15/Apr/2023:02:37:46 +0000] "-" 408 0 "-" "-"
10.102.46.145 - - [15/Apr/2023:02:38:05 +0000] "GET /public/db.php HTTP/1.1" 404 2602 "-" "Mozilla/5.0 (Windows NT 10.0; Win64; x64) AppleWebKit/537.36 (KHTML, like Gecko) Chrome/112.0.0.0 Safari/537.36 Edg/112.0.1722.46"
